// Jest Snapshot v1, https://goo.gl/fbAQLP

exports[`Title title render unchanged 1`] = `
<div>
  <h1
    class="Title-sc-12jcw8v-0 bJXsoN"
  >
    Example Title
  </h1>
</div>
`;
